HHH    H     H     H    HH   HHHHHHHHHHHH
H.[.GG][.GGG][.GGG][.GG].[.H]...........H
H.[.GG][.GGG][.GGG][.GG].H   [.G][.G][.GG][.GG][.GGG][.GGG][.GG][.GG][.G][.G].H
H.[.GG][.GGG][.GGG][.GG].H   [.G][.GG][.GG][.GG][.GGG][.GGG][.GG][.GG][.GG][.G].H
H.[.GG][.GGG][.GGG][.GG].H   [.G][.GG][.GG][.GGG][.GGG][.GGG][.GGG][.GG][.GG][.G].H
H..    .     .     .    .H   [.G][.GG][.GG][.GG][.GGG][.GGG][.GG][.GG][.GG][.G].H
H..    .     H     H    HH   [.G][.G][.GG][.GG][.GGG][.GGG][.GG][.GG][.G][.G].H
H..    .     H     .    ..   ...........H
H..    .     [.H]  .    ..   ...........H
H..    .     .     .    ..   ...........H
H..    .     .     .    .H   [.HH][.HH]H   H   HHHH   H   H[.H]H
H..    .     .     .    .H   [.GG][.GG][.G][.G]H.GG   G   G.H
H..    .     .     .    .H   [.GG][.GG][.G][.G]H.GG   G   G.H
H..    .     H     H    HH   [.G] [.GG][.G][.G]H.GG   G   G.H
H..    .     .     .    ..   .    .    .   .   ...[.G][.G]..H
H..    .     .     .    ..   .    .    .   .   ....   .   ..H
H..    .     H     .    ..   .    .    .   .   ....   .   ..H
HHH    H     H     H    HH   H    H    H   H   HHHH   H   HHH
